../Core/Src/main.c:76:5:__io_putchar	16	static
../Core/Src/main.c:82:14:tcp_accept_handler	32	static
../Core/Src/main.c:93:14:tcp_recv_handler	32	static
../Core/Src/main.c:110:14:tcp_poll_handler	24	static
../Core/Src/main.c:121:7:tcp_disconnect	24	static
../Core/Src/main.c:130:6:tcp_process_pbufs	24	static
../Core/Src/main.c:151:5:main	16	static
../Core/Src/main.c:203:6:SystemClock_Config	88	static
../Core/Src/main.c:257:13:MX_USART3_UART_Init	8	static
../Core/Src/main.c:290:13:MX_USB_OTG_FS_PCD_Init	8	static
../Core/Src/main.c:323:13:MX_GPIO_Init	56	static
../Core/Src/main.c:381:6:Error_Handler	4	static,ignoring_inline_asm
